]0;/home/william/Documents/IAG - Meteorologia da Poluição do ar]0;william@DeepThought: ~/Documents/IAG - Meteorologia da Poluição do ar[01;32mwilliam@DeepThought[00m:[01;34m~/Documents/IAG - Meteorologia da Poluiçã[Koo do ar[00m$ git add .
]0;/home/william/Documents/IAG - Meteorologia da Poluição do ar]0;william@DeepThought: ~/Documents/IAG - Meteorologia da Poluição do ar[01;32mwilliam@DeepThought[00m:[01;34m~/Documents/IAG - Meteorologia da Poluiçãoo do ar[00m$ git commit -m "primeira aula"
[master 08cf8e3] primeira aula
 8 files changed, 13 insertions(+), 8 deletions(-)
 rewrite .Rproj.user/1A73844C/console06/INDEX001 (87%)
 delete mode 100644 .Rproj.user/shared/notebooks/22C018BD-notas-de-aula/1/1A73844C71B569E5/chunks.json
 delete mode 100644 .Rproj.user/shared/notebooks/22C018BD-notas-de-aula/1/s/chunks.json
 rename notas-de-aula.Rmd => notas-de-aula-agosto.Rmd (94%)
 rename notas-de-aula.nb.html => notas-de-aula-agosto.nb.html (99%)
]0;/home/william/Documents/IAG - Meteorologia da Poluição do ar]0;william@DeepThought: ~/Documents/IAG - Meteorologia da Poluição do ar[01;32mwilliam@DeepThought[00m:[01;34m~/Documents/IAG - Meteorologia da Poluiçãoo do ar[00m$ git push origin master
Counting objects: 15, done.
Delta compression using up to 4 threads.
Compressing objects:   7% (1/13)   Compressing objects:  15% (2/13)   Compressing objects:  23% (3/13)   Compressing objects:  30% (4/13)   Compressing objects:  38% (5/13)   Compressing objects:  46% (6/13)   Compressing objects:  53% (7/13)   Compressing objects:  61% (8/13)   Compressing objects:  69% (9/13)   Compressing objects:  76% (10/13)   Compressing objects:  84% (11/13)   Compressing objects:  92% (12/13)   Compressing objects: 100% (13/13)   Compressing objects: 100% (13/13), done.
Writing objects:   6% (1/15)   Writing objects:  13% (2/15)   Writing objects:  20% (3/15)   Writing objects:  26% (4/15)   Writing objects:  33% (5/15)   Writing objects:  40% (6/15)   Writing objects:  46% (7/15)   Writing objects:  53% (8/15)   Writing objects:  60% (9/15)   Writing objects:  66% (10/15)   Writing objects:  73% (11/15)   Writing objects:  80% (12/15)   Writing objects:  86% (13/15)   Writing objects:  93% (14/15)   Writing objects: 100% (15/15)   Writing objects: 100% (15/15), 402.19 KiB | 2.66 MiB/s, done.
Total 15 (delta 6), reused 0 (delta 0)
remote: Resolving deltas:   0% (0/6)   [Kremote: Resolving deltas:  16% (1/6)   [Kremote: Resolving deltas:  33% (2/6)   [Kremote: Resolving deltas:  50% (3/6)   [Kremote: Resolving deltas:  66% (4/6)   [Kremote: Resolving deltas:  83% (5/6)   [Kremote: Resolving deltas: 100% (6/6)   [Kremote: Resolving deltas: 100% (6/6), completed with 6 local objects.[K
To github.com:williamorim/iag-meteorologia-pol-ar.git
   df50878..08cf8e3  master -> master
]0;/home/william/Documents/IAG - Meteorologia da Poluição do ar]0;william@DeepThought: ~/Documents/IAG - Meteorologia da Poluição do ar[01;32mwilliam@DeepThought[00m:[01;34m~/Documents/IAG - Meteorologia da Poluiçãoo do ar[00m$ xinput enable 14[1@dis[C[C[C[C[C[C[C[1Pen[C[C[C[C[C[C[C[1@dis[C[C[C[C[C[C[C[1Pen[C[C[C[C[C[C[C[C[C[C[C[C[C[C[C[C[Kgit add .
]0;/home/william/Documents/IAG - Meteorologia da Poluição do ar]0;william@DeepThought: ~/Documents/IAG - Meteorologia da Poluição do ar[01;32mwilliam@DeepThought[00m:[01;34m~/Documents/IAG - Meteorologia da Poluiçãoo do ar[00m$ git add[K[K[Ko[Kc,[Kommit -m "aula 3"
[master 8e54535] aula 3
 5 files changed, 260788 insertions(+), 4 deletions(-)
 rewrite .Rproj.user/1A73844C/console06/INDEX001 (87%)
 create mode 100644 bibliografia/Jacobson - Atmospheric Pollution.pdf
]0;/home/william/Documents/IAG - Meteorologia da Poluição do ar]0;william@DeepThought: ~/Documents/IAG - Meteorologia da Poluição do ar[01;32mwilliam@DeepThought[00m:[01;34m~/Documents/IAG - Meteorologia da Poluiçãoo do ar[00m$ git push origin master
Counting objects: 11, done.
Delta compression using up to 4 threads.
Compressing objects:   9% (1/11)   Compressing objects:  18% (2/11)   Compressing objects:  27% (3/11)   Compressing objects:  36% (4/11)   Compressing objects:  45% (5/11)   Compressing objects:  54% (6/11)   Compressing objects:  63% (7/11)   Compressing objects:  72% (8/11)   Compressing objects:  81% (9/11)   Compressing objects:  90% (10/11)   Compressing objects: 100% (11/11)   Compressing objects: 100% (11/11), done.
Writing objects:   9% (1/11)   Writing objects:  18% (2/11)   Writing objects:  27% (3/11)   Writing objects:  36% (4/11)   Writing objects:  45% (5/11)   Writing objects:  54% (6/11)   Writing objects:  63% (7/11)   Writing objects:  72% (8/11)   Writing objects:  72% (8/11), 1.30 MiB | 663.00 KiB/s   Writing objects:  72% (8/11), 1.94 MiB | 645.00 KiB/s   Writing objects:  72% (8/11), 2.57 MiB | 672.00 KiB/s   Writing objects:  72% (8/11), 3.20 MiB | 718.00 KiB/s   Writing objects:  72% (8/11), 4.47 MiB | 783.00 KiB/s   Writing objects:  72% (8/11), 5.09 MiB | 810.00 KiB/s   Writing objects:  72% (8/11), 6.34 MiB | 861.00 KiB/s   Writing objects:  72% (8/11), 7.58 MiB | 1.02 MiB/s   Writing objects:  72% (8/11), 8.82 MiB | 1.00 MiB/s   Writing objects:  72% (8/11), 9.45 MiB | 920.00 KiB/s   Writing objects:  72% (8/11), 10.05 MiB | 855.00 KiB/s   Writing objects:  72% (8/11), 10.69 MiB | 748.00 KiB/s   Writing objects:  72% (8/11), 11.31 MiB | 695.00 KiB/s   Writing objects:  72% (8/11), 11.93 MiB | 643.00 KiB/s   Writing objects:  72% (8/11), 12.55 MiB | 581.00 KiB/s   Writing objects:  72% (8/11), 13.16 MiB | 564.00 KiB/s   Writing objects:  72% (8/11), 13.80 MiB | 541.00 KiB/s   Writing objects:  72% (8/11), 14.42 MiB | 543.00 KiB/s   Writing objects:  72% (8/11), 15.04 MiB | 561.00 KiB/s   Writing objects:  72% (8/11), 16.28 MiB | 656.00 KiB/s   Writing objects:  81% (9/11), 16.28 MiB | 656.00 KiB/s   Writing objects:  90% (10/11), 16.28 MiB | 656.00 KiB/s   Writing objects: 100% (11/11), 16.28 MiB | 656.00 KiB/s   Writing objects: 100% (11/11), 16.41 MiB | 715.00 KiB/s, done.
Total 11 (delta 4), reused 0 (delta 0)
remote: Resolving deltas:   0% (0/4)   [Kremote: Resolving deltas:  25% (1/4)   [Kremote: Resolving deltas:  50% (2/4)   [Kremote: Resolving deltas:  75% (3/4)   [Kremote: Resolving deltas: 100% (4/4)   [Kremote: Resolving deltas: 100% (4/4), completed with 4 local objects.[K
To github.com:williamorim/iag-meteorologia-pol-ar.git
   08cf8e3..8e54535  master -> master
]0;/home/william/Documents/IAG - Meteorologia da Poluição do ar]0;william@DeepThought: ~/Documents/IAG - Meteorologia da Poluição do ar[01;32mwilliam@DeepThought[00m:[01;34m~/Documents/IAG - Meteorologia da Poluiçãoo do ar[00m$ git add .